 HelloWorld

 Timestamp is 67651619 (Thu Dec 19 23:00:41 2024)

 Preferred load address is 0000000000000000

 Start         Length     Name                   Class
 0001:00000000 00000044H .text                   CODE
 0001:00000044 000013beH .text$mn                CODE
 0002:00000000 00000a4cH .rdata                  DATA
 0002:00000a4c 00000018H .rdata$voltmd           DATA
 0002:00000a64 0000016cH .rdata$zzzdbg           DATA
 0003:00000000 00000000H .data                   DATA
 0003:00000000 00000040H .bss                    DATA
 0004:00000000 0000006cH .pdata                  DATA
 0005:00000000 00000094H .xdata                  DATA
 0006:00000000 00000060H .rsrc$01                DATA
 0006:00000060 00000140H .rsrc$02                DATA

  Address         Publics by Value              Rva+Base               Lib:Object

 0000:00000000       __AbsoluteZero             0000000000000000     <absolute>
 0000:00000000       __arm64x_extra_rfe_table   0000000000000000     <absolute>
 0000:00000000       __arm64x_extra_rfe_table_size 0000000000000000     <absolute>
 0000:00000000       __arm64x_native_entrypoint 0000000000000000     <absolute>
 0000:00000000       __arm64x_redirection_metadata 0000000000000000     <absolute>
 0000:00000000       __arm64x_redirection_metadata_count 0000000000000000     <absolute>
 0000:00000000       __dynamic_value_reloc_table 0000000000000000     <absolute>
 0000:00000000       __enclave_config           0000000000000000     <absolute>
 0000:00000000       __guard_check_icall_a64n_fptr 0000000000000000     <absolute>
 0000:00000000       __guard_eh_cont_count      0000000000000000     <absolute>
 0000:00000000       __guard_eh_cont_table      0000000000000000     <absolute>
 0000:00000000       __guard_fids_count         0000000000000000     <absolute>
 0000:00000000       __guard_fids_table         0000000000000000     <absolute>
 0000:00000000       __guard_flags              0000000000000000     <absolute>
 0000:00000000       __guard_iat_count          0000000000000000     <absolute>
 0000:00000000       __guard_iat_table          0000000000000000     <absolute>
 0000:00000000       __guard_longjmp_count      0000000000000000     <absolute>
 0000:00000000       __guard_longjmp_table      0000000000000000     <absolute>
 0000:00000000       __hybrid_auxiliary_delayload_iat 0000000000000000     <absolute>
 0000:00000000       __hybrid_auxiliary_delayload_iat_copy 0000000000000000     <absolute>
 0000:00000000       __hybrid_auxiliary_iat     0000000000000000     <absolute>
 0000:00000000       __hybrid_auxiliary_iat_copy 0000000000000000     <absolute>
 0000:00000000       __hybrid_code_map          0000000000000000     <absolute>
 0000:00000000       __hybrid_code_map_count    0000000000000000     <absolute>
 0000:00000000       __hybrid_image_info_bitfield 0000000000000000     <absolute>
 0000:00000000       __x64_code_ranges_to_entry_points 0000000000000000     <absolute>
 0000:00000000       __x64_code_ranges_to_entry_points_count 0000000000000000     <absolute>
 0001:00000000       __report_rangecheckfailure 00000000000002c0     StackCheckLibNull:StackCheckFunctionsMsvc.obj
 0001:00000001       __GSHandlerCheck           00000000000002c1     StackCheckLibNull:StackCheckFunctionsMsvc.obj
 0001:00000002       __security_check_cookie    00000000000002c2     StackCheckLibNull:StackCheckFunctionsMsvc.obj
 0001:00000010       AsmCpuid                   00000000000002d0     BaseLib:CpuId.obj
 0001:00000040       CpuPause                   0000000000000300     BaseLib:CpuPause.obj
 0001:00000044       _ModuleEntryPoint          0000000000000304 f   UefiApplicationEntryPoint:ApplicationEntryPoint.obj
 0001:00000124       ProcessModuleEntryPointList 00000000000003e4 f   HelloWorld:AutoGen.obj
 0001:00000244       DebugAssert                0000000000000504 f   UefiDebugLibStdErr:DebugLib.obj
 0001:000002cc       ExitBootServicesCallback   000000000000058c f   UefiDebugLibStdErr:DebugLibConstructor.obj
 0001:000002d4       StrnLenS                   0000000000000594 f   BaseLib:SafeString.obj
 0001:0000032c       UnicodeVSPrintAsciiFormat  00000000000005ec f   BasePrintLib:PrintLib.obj
 0001:000003a0       UnicodeSPrintAsciiFormat   0000000000000660 f   BasePrintLib:PrintLib.obj
 0001:000003c0       BasePrintLibFillBuffer     0000000000000680 f   BasePrintLib:PrintLibInternal.obj
 0001:000003f4       BasePrintLibValueToString  00000000000006b4 f   BasePrintLib:PrintLibInternal.obj
 0001:00000460       BasePrintLibSPrintMarker   0000000000000720 f   BasePrintLib:PrintLibInternal.obj
 0001:000013e0       BasePrintLibSPrint         00000000000016a0 f   BasePrintLib:PrintLibInternal.obj
 0002:00000000       ??_C@_0L@EFDKOOG@HelloWorld@ 00000000000016e0     HelloWorld:AutoGen.obj
 0002:00000010       ??_C@_1CE@KKJAOCFN@?$AAH?$AAe?$AAl?$AAl?$AAo?$AA?0?$AA?5?$AAW?$AAo?$AAr?$AAl?$AAd?$AA?$CB?$AA?$AN?$AA?6@ 00000000000016f0     HelloWorld:HelloWorld.obj
 0002:00000038       ??_C@_1DE@BDFCMNJB@?$AAP?$AAr?$AAe?$AAs?$AAs?$AA?5?$AAa?$AAn?$AAy?$AA?5?$AAk?$AAe?$AAy?$AA?5?$AAt@ 0000000000001718     HelloWorld:HelloWorld.obj
 0002:00000070       ??_C@_1CE@HPFBGGOF@?$AA0?$AA1?$AA2?$AA3?$AA4?$AA5?$AA6?$AA7?$AA8?$AA9?$AA0?$AAA?$AAB?$AAC?$AAD@ 0000000000001750     HelloWorld:HelloWorld.obj
 0002:00000098       ??_C@_0BI@NOCKJDBJ@ASSERT?5?$FL?$CFa?$FN?5?$CFa?$CI?$CFd?$CJ?3?5?$CFa?6@ 0000000000001778     UefiDebugLibStdErr:DebugLib.obj
 0002:000000b0       ??_C@_0BH@IACGKAP@Buffer?5?$CB?$DN?5?$CI?$CIvoid?5?$CK?$CJ?50?$CJ@ 0000000000001790     UefiDebugLibStdErr:DebugLib.obj
 0002:000000c8       ??_C@_0BN@COECPDCC@gImageHandle?5?$CB?$DN?5?$CI?$CIvoid?5?$CK?$CJ?50?$CJ@ 00000000000017a8     UefiBootServicesTableLib:UefiBootServicesTableLib.obj
 0002:000000f0       ??_C@_0FM@GLCKHLKL@c?3?2users?2test?2progs?2edk2?2MdePkg@ 00000000000017d0     UefiBootServicesTableLib:UefiBootServicesTableLib.obj
 0002:00000150       ??_C@_0BE@BDFJLGLN@gBS?5?$CB?$DN?5?$CI?$CIvoid?5?$CK?$CJ?50?$CJ@ 0000000000001830     UefiBootServicesTableLib:UefiBootServicesTableLib.obj
 0002:00000168       ??_C@_0BE@OBDFIHND@gRT?5?$CB?$DN?5?$CI?$CIvoid?5?$CK?$CJ?50?$CJ@ 0000000000001848     UefiRuntimeServicesTableLib:UefiRuntimeServicesTableLib.obj
 0002:00000180       ??_C@_0GC@DPHPKBEB@c?3?2users?2test?2progs?2edk2?2MdePkg@ 0000000000001860     UefiRuntimeServicesTableLib:UefiRuntimeServicesTableLib.obj
 0002:000001e8       ??_C@_0CC@GFNLNIOC@?$CI?$CIUINTN?$CJString?5?$CG?50x00000001?$CJ?5?$DN?$DN@ 00000000000018c8     BaseLib:String.obj
 0002:00000210       ??_C@_0DM@PPCAPNGN@c?3?2users?2test?2progs?2edk2?2MdePkg@ 00000000000018f0     BaseLib:Unaligned.obj
 0002:00000250       ??_C@_0DN@DAAKCAFJ@c?3?2users?2test?2progs?2edk2?2MdePkg@ 0000000000001930     BaseLib:SafeString.obj
 0002:00000290       ??_C@_0BJ@CNKJJNE@?$CIBuffer?5?$CB?$DN?5?$CI?$CIvoid?5?$CK?$CJ?50?$CJ?$CJ@ 0000000000001970     BaseLib:SafeString.obj
 0002:000002b0       ??_C@_0N@KGHEHMDL@Divisor?5?$CB?$DN?50@ 0000000000001990     BaseLib:DivU64x32.obj
 0002:000002c0       ??_C@_0CI@BGLNHBLM@?$CI?$CI?$CIUINTN?$CJ?5?$CIStartOfBuffer?$CJ?$CJ?5?$CG?50x@ 00000000000019a0     BasePrintLib:PrintLib.obj
 0002:000002f0       ??_C@_0EA@MJMNOEMA@c?3?2users?2test?2progs?2edk2?2MdePkg@ 00000000000019d0     BasePrintLib:PrintLib.obj
 0002:00000330       ??_C@_0EI@JNMHJMBO@c?3?2users?2test?2progs?2edk2?2MdePkg@ 0000000000001a10     BasePrintLib:PrintLibInternal.obj
 0002:00000380       ??_C@_0EB@HDGIDCIO@?$CIBufferSize?5?$DM?$DN?5?$CI_gPcd_FixedAtBu@ 0000000000001a60     BasePrintLib:PrintLibInternal.obj
 0002:000003c8       ??_C@_0BJ@PPAKKDJG@?$CIFormat?5?$CB?$DN?5?$CI?$CIvoid?5?$CK?$CJ?50?$CJ?$CJ@ 0000000000001aa8     BasePrintLib:PrintLibInternal.obj
 0002:000003f0       ??_C@_0ED@LPDDCECB@?$CIBufferSize?5?$DM?$DN?5?$CI_gPcd_FixedAtBu@ 0000000000001ad0     BasePrintLib:PrintLibInternal.obj
 0002:00000440       ??_C@_0IM@BFJJFLGB@?$CIStrnLenS?5?$CI?$CICHAR16?5?$CK?$CJFormat?0?5?$CI_@ 0000000000001b20     BasePrintLib:PrintLibInternal.obj
 0002:000004d0       ??_C@_0ID@PLGJGION@?$CIAsciiStrnLenS?5?$CIFormat?0?5?$CI_gPcd_@ 0000000000001bb0     BasePrintLib:PrintLibInternal.obj
 0002:00000558       ??_C@_0O@MLOLIMFM@?$DMnull?5string?$DO@ 0000000000001c38     BasePrintLib:PrintLibInternal.obj
 0002:00000568       ??_C@_0M@BJJDNPHK@?$DMnull?5guid?$DO@ 0000000000001c48     BasePrintLib:PrintLibInternal.obj
 0002:00000578       ??_C@_0DB@PMLHLBMO@?$CF08x?9?$CF04x?9?$CF04x?9?$CF02x?$CF02x?9?$CF02x?$CF02@ 0000000000001c58     BasePrintLib:PrintLibInternal.obj
 0002:000005b0       ??_C@_0M@LHGBCIKM@?$DMnull?5time?$DO@ 0000000000001c90     BasePrintLib:PrintLibInternal.obj
 0002:000005c0       ??_C@_0BK@FCPKCIDD@?$CF02d?1?$CF02d?1?$CF04d?5?5?$CF02d?3?$CF02d@ 0000000000001ca0     BasePrintLib:PrintLibInternal.obj
 0002:000005dc       ??_C@_04JIMNDDED@?$CF08X@  0000000000001cbc     BasePrintLib:PrintLibInternal.obj
 0002:000005e4       ??_C@_02PCIJFNDE@?$AN?6@   0000000000001cc4     BasePrintLib:PrintLibInternal.obj
 0002:000005e8       ??_C@_01LIIJDEN@?$AN@      0000000000001cc8     BasePrintLib:PrintLibInternal.obj
 0002:000005f0       mWarningString             0000000000001cd0     BasePrintLib:PrintLibInternal.obj
 0002:000006c0       mErrorString               0000000000001da0     BasePrintLib:PrintLibInternal.obj
 0002:000009a0       mHexStr                    0000000000002080     BasePrintLib:PrintLibInternal.obj
 0002:000009b0       ??_C@_0EF@LFLKAAHM@c?3?2users?2test?2progs?2edk2?2MdePkg@ 0000000000002090     BaseLib:DivU64x32Remainder.obj
 0002:00000a4c       __volatile_metadata        000000000000212c     <linker-defined>
 0003:00000000       mPostEBS                   00000000000022c0     UefiDebugLibStdErr:DebugLibConstructor.obj
 0003:00000008       gST                        00000000000022c8     UefiBootServicesTableLib:UefiBootServicesTableLib.obj
 0003:00000010       gImageHandle               00000000000022d0     UefiBootServicesTableLib:UefiBootServicesTableLib.obj
 0003:00000018       gBS                        00000000000022d8     UefiBootServicesTableLib:UefiBootServicesTableLib.obj
 0003:00000020       gRT                        00000000000022e0     UefiRuntimeServicesTableLib:UefiRuntimeServicesTableLib.obj
 0003:00000030       __security_cookie          00000000000022f0     StackCheckLibNull:StackCheckLibNullMsvc.obj
 0003:00000038       mDebugST                   00000000000022f8     <common>

 entry point at        0001:00000044

 Static symbols

 0001:0000001f       AsmCpuid.0                 00000000000002df     BaseLib:CpuId.obj
 0001:00000024       AsmCpuid.1                 00000000000002e4     BaseLib:CpuId.obj
 0001:0000002b       AsmCpuid.2                 00000000000002eb     BaseLib:CpuId.obj
 0001:00000034       AsmCpuid.3                 00000000000002f4     BaseLib:CpuId.obj
 0003:00000028       mExitBootServicesEvent     00000000000022e8     UefiDebugLibStdErr:DebugLibConstructor.obj
 0005:00000000       $unwind$_ModuleEntryPoint  0000000000002380     UefiApplicationEntryPoint:ApplicationEntryPoint.obj
 0005:0000000c       $unwind$ProcessModuleEntryPointList 000000000000238c     HelloWorld:AutoGen.obj
 0005:00000024       $unwind$DebugAssert        00000000000023a4     UefiDebugLibStdErr:DebugLib.obj
 0005:00000034       $unwind$StrnLenS           00000000000023b4     BaseLib:SafeString.obj
 0005:0000003c       $unwind$UnicodeVSPrintAsciiFormat 00000000000023bc     BasePrintLib:PrintLib.obj
 0005:00000050       $unwind$UnicodeSPrintAsciiFormat 00000000000023d0     BasePrintLib:PrintLib.obj
 0005:00000058       $unwind$BasePrintLibValueToString 00000000000023d8     BasePrintLib:PrintLibInternal.obj
 0005:00000068       $unwind$BasePrintLibSPrintMarker 00000000000023e8     BasePrintLib:PrintLibInternal.obj
 0005:0000008c       $unwind$BasePrintLibSPrint 000000000000240c     BasePrintLib:PrintLibInternal.obj
 0006:00000060       $R000000                   0000000000002480     HelloWorldhii.lib
